INSTRUMENT CHECK: arm=signal matched 11 engine processes
SIGSTOP -> 11 pids at t~24s

FILE /tmp/ps396-s2/pdir/.persona-session-series/series.jsonl  5331 bytes, 46 lines (44 samples)
     t nproc      cpu  ctxt_v ctxt_nv denied  gone
   0.0     3     None    None    None      0     0
   1.0    11     60.3     952     200      0     0
   2.0    11    111.5      81       3      0     0
   3.0    11    106.2      29       2      0     0
   4.1    11    111.4      55       8      0     0
   5.1    11    106.5      38      24      0     0
   6.1    11    107.7      31       8      0     0
   7.1    11    106.2      19      16      0     0
   8.1    11    106.4      24      11      0     0
   9.1    11    105.4      31      17      0     0
  10.1    11    105.1      24      19      0     0
  11.2    11    105.2      59       3      0     0
  12.2    11    108.6      27       6      0     0
  13.2    11    104.5      24       4      0     0
  14.2    11    107.4      15       4      0     0
  15.2    11    106.4      21       4      0     0
  16.2    11    104.3      36       5      0     0
  17.3    11    106.8      29       4      0     0
  18.3    11    105.3      32       9      0     0
  19.3    11    105.8      28       8      0     0
  20.3    11    104.8      27       5      0     0
  21.3    11    106.6      32       6      0     0
  22.3    11    105.5      36      12      0     0
  23.3    11    104.6      42      17      0     0
  24.3    11     69.1      33       5      0     0
  25.4    11      0.0       0       0      0     0
  26.4    11      0.0       0       0      0     0
  27.4    11      0.0       0       0      0     0
  28.4    11      0.0       0       0      0     0
  29.4    11      0.0       0       0      0     0
  30.4    11      0.0       0       0      0     0
  31.4    11      0.0       0       0      0     0
  32.5    11      0.0       0       0      0     0
  33.5    11      0.0       0       0      0     0
  34.5    11      0.0       0       0      0     0
  35.5    11      0.0       0       0      0     0
  36.5    11      0.0       0       0      0     0
  37.5    11      0.0       0       0      0     0
  38.5    11      0.0       0       0      0     0
  39.5    11      0.0       0       0      0     0
  40.6    11      0.0       0       0      0     0
  41.6    11      0.0       0       0      0     0
  42.6    11      0.0       0       0      0     0
  43.6    11      0.0       0       0      0     0

BEFORE half: cpu med=106.2 ctxt_v med=29
AFTER  half: cpu med=0.0 ctxt_v med=0

COST: 44 samples over 43.6s = 1.01 samples/s; 5331 bytes -> 429.9 KiB/hour at this cadence
