INSTRUMENT CHECK: arm=quiet matched 11 engine processes

FILE /tmp/ps396-arm/q2/.persona-session-series/series.jsonl  4320 bytes, 30 lines (28 samples)
     t nproc      cpu  ctxt_v ctxt_nv denied  gone
   0.0     3     None    None    None      0     0
   1.0    11     54.8     760     479      0     0
   2.0    11    107.1      75     215      0     0
   3.0    11    111.1      81      52      0     0
   4.0    11    105.4      97      42      0     0
   5.0    11    103.2      62      29      0     0
   6.0    11    105.5      77      36      0     0
   7.1    11    101.7      46      19      0     0
   8.1    11    105.3      71      22      0     0
   9.1    11    103.2      64      42      0     0
  10.1    11    103.4      75      34      0     0
  11.1    11    103.5      93      44      0     0
  12.1    11    106.1      65      27      0     0
  13.1    11    103.1      44      31      0     0
  14.1    11    105.3      27      37      0     0
  15.1    11    106.3      20      36      0     0
  16.1    11    106.3      30      45      0     0
  17.1    11    104.9      42     124      0     0
  18.2    11    104.4      60      47      0     0
  19.2    11     94.8      46     865      0     0
  20.2    11    103.2      34     899      0     0
  21.2    11     99.5      52     733      0     0
  22.2    11    101.3      70     522      0     0
  23.2    11    102.3      57      50      0     0
  24.2    11    103.2      66      28      0     0
  25.2    11     99.8      60      31      0     0
  26.2    11    103.3      48      49      0     0
  27.2    11    101.4      49      36      0     0

BEFORE half: cpu med=103.5 ctxt_v med=75
AFTER  half: cpu med=103.2 ctxt_v med=49

COST: 28 samples over 27.2s = 1.03 samples/s; 4320 bytes -> 558.4 KiB/hour at this cadence
